#-----------------------------------------------------------
# Vivado v2020.1 (64-bit)
# SW Build 2902540 on Wed May 27 19:54:49 MDT 2020
# IP Build 2902112 on Wed May 27 22:43:36 MDT 2020
# Start of session at: Sun Mar 12 08:09:55 2023
# Process ID: 4328
# Current directory: C:/Users/dsb21132/Desktop/vhdl-project/thermostat
# Command line: vivado.exe -gui_launcher_event rodinguilauncherevent1672 C:\Users\dsb21132\Desktop\vhdl-project\thermostat\thermostat.xpr
# Log file: C:/Users/dsb21132/Desktop/vhdl-project/thermostat/vivado.log
# Journal file: C:/Users/dsb21132/Desktop/vhdl-project/thermostat\vivado.jou
#-----------------------------------------------------------
start_gui
open_project C:/Users/dsb21132/Desktop/vhdl-project/thermostat/thermostat.xpr
update_compile_order -fileset sources_1
launch_simulation
source slow_clocks_tb.tcl
close_sim
launch_simulation
source slow_clocks_tb.tcl
set_property -name {xsim.simulate.runtime} -value {9000ns} -objects [get_filesets sim_1]
close_sim
launch_simulation
source slow_clocks_tb.tcl
set_property -name {xsim.simulate.runtime} -value {10us} -objects [get_filesets sim_1]
close_sim
launch_simulation
source slow_clocks_tb.tcl
close_sim
launch_simulation
source slow_clocks_tb.tcl
set_property -name {xsim.simulate.runtime} -value {25 sec} -objects [get_filesets sim_1]
close_sim
launch_simulation
source slow_clocks_tb.tcl
set_property -name {xsim.simulate.runtime} -value {10us} -objects [get_filesets sim_1]
close_sim
launch_simulation
source slow_clocks_tb.tcl
close_sim
launch_simulation
source slow_clocks_tb.tcl
close_sim
launch_simulation
source slow_clocks_tb.tcl
close_sim
launch_simulation
source slow_clocks_tb.tcl
close_sim
close [ open C:/Users/dsb21132/Desktop/vhdl-project/thermostat/thermostat.srcs/sources_1/new/binary_to_bcd.vhd w ]
add_files C:/Users/dsb21132/Desktop/vhdl-project/thermostat/thermostat.srcs/sources_1/new/binary_to_bcd.vhd
update_compile_order -fileset sources_1
